running egg_info
writing ../../build/robot_move/robot_move.egg-info/PKG-INFO
writing dependency_links to ../../build/robot_move/robot_move.egg-info/dependency_links.txt
writing entry points to ../../build/robot_move/robot_move.egg-info/entry_points.txt
writing requirements to ../../build/robot_move/robot_move.egg-info/requires.txt
writing top-level names to ../../build/robot_move/robot_move.egg-info/top_level.txt
reading manifest file '../../build/robot_move/robot_move.egg-info/SOURCES.txt'
adding license file 'LICENSE'
writing manifest file '../../build/robot_move/robot_move.egg-info/SOURCES.txt'
running build
running build_py
running install
running install_lib
running install_data
copying scripts/robot_target_move.py -> /home/qasob/tic_tac_toe_playing_robot/install/robot_move/share/robot_move/scripts
running install_egg_info
removing '/home/qasob/tic_tac_toe_playing_robot/install/robot_move/lib/python3.10/site-packages/robot_move-0.0.0-py3.10.egg-info' (and everything under it)
Copying ../../build/robot_move/robot_move.egg-info to /home/qasob/tic_tac_toe_playing_robot/install/robot_move/lib/python3.10/site-packages/robot_move-0.0.0-py3.10.egg-info
running install_scripts
Installing robot_move_subscriber script to /home/qasob/tic_tac_toe_playing_robot/install/robot_move/lib/robot_move
writing list of installed files to '/home/qasob/tic_tac_toe_playing_robot/build/robot_move/install.log'
