[0.482s] Invoking command in '/home/qasob/tic_tac_toe_playing_robot/build/tic_tac_toe_detection': PYTHONPATH=/home/qasob/tic_tac_toe_playing_robot/build/tic_tac_toe_detection/prefix_override:/usr/lib/python3/dist-packages/colcon_core/task/python/colcon_distutils_commands:/home/qasob/tic_tac_toe_playing_robot/install/tic_tac_toe_detection/lib/python3.10/site-packages:${PYTHONPATH} /usr/bin/python3 -W ignore:setup.py install is deprecated setup.py develop --editable --build-directory /home/qasob/tic_tac_toe_playing_robot/build/tic_tac_toe_detection/build --no-deps symlink_data
[0.690s] running develop
[0.827s] running egg_info
[0.827s] writing tic_tac_toe_detection.egg-info/PKG-INFO
[0.827s] writing dependency_links to tic_tac_toe_detection.egg-info/dependency_links.txt
[0.827s] writing entry points to tic_tac_toe_detection.egg-info/entry_points.txt
[0.827s] writing requirements to tic_tac_toe_detection.egg-info/requires.txt
[0.827s] writing top-level names to tic_tac_toe_detection.egg-info/top_level.txt
[0.828s] reading manifest file 'tic_tac_toe_detection.egg-info/SOURCES.txt'
[0.829s] writing manifest file 'tic_tac_toe_detection.egg-info/SOURCES.txt'
[0.830s] running build_ext
[0.830s] Creating /home/qasob/tic_tac_toe_playing_robot/install/tic_tac_toe_detection/lib/python3.10/site-packages/tic-tac-toe-detection.egg-link (link to .)
[0.831s] Installing robot_move_publisher script to /home/qasob/tic_tac_toe_playing_robot/install/tic_tac_toe_detection/lib/tic_tac_toe_detection
[0.831s] 
[0.831s] Installed /home/qasob/tic_tac_toe_playing_robot/build/tic_tac_toe_detection
[0.831s] running symlink_data
[0.831s] creating /home/qasob/tic_tac_toe_playing_robot/install/tic_tac_toe_detection/share/ament_index
[0.831s] creating /home/qasob/tic_tac_toe_playing_robot/install/tic_tac_toe_detection/share/ament_index/resource_index
[0.831s] creating /home/qasob/tic_tac_toe_playing_robot/install/tic_tac_toe_detection/share/ament_index/resource_index/packages
[0.831s] symbolically linking /home/qasob/tic_tac_toe_playing_robot/build/tic_tac_toe_detection/resource/tic_tac_toe_detection -> /home/qasob/tic_tac_toe_playing_robot/install/tic_tac_toe_detection/share/ament_index/resource_index/packages
[0.831s] symbolically linking /home/qasob/tic_tac_toe_playing_robot/build/tic_tac_toe_detection/package.xml -> /home/qasob/tic_tac_toe_playing_robot/install/tic_tac_toe_detection/share/tic_tac_toe_detection
[0.854s] Invoked command in '/home/qasob/tic_tac_toe_playing_robot/build/tic_tac_toe_detection' returned '0': PYTHONPATH=/home/qasob/tic_tac_toe_playing_robot/build/tic_tac_toe_detection/prefix_override:/usr/lib/python3/dist-packages/colcon_core/task/python/colcon_distutils_commands:/home/qasob/tic_tac_toe_playing_robot/install/tic_tac_toe_detection/lib/python3.10/site-packages:${PYTHONPATH} /usr/bin/python3 -W ignore:setup.py install is deprecated setup.py develop --editable --build-directory /home/qasob/tic_tac_toe_playing_robot/build/tic_tac_toe_detection/build --no-deps symlink_data
