running develop
Removing /home/qasob/tic_tac_toe_playing_robot/install/robot_move/lib/python3.10/site-packages/robot-move.egg-link (link to .)
running egg_info
writing ../../build/robot_move/robot_move.egg-info/PKG-INFO
writing dependency_links to ../../build/robot_move/robot_move.egg-info/dependency_links.txt
writing entry points to ../../build/robot_move/robot_move.egg-info/entry_points.txt
writing requirements to ../../build/robot_move/robot_move.egg-info/requires.txt
writing top-level names to ../../build/robot_move/robot_move.egg-info/top_level.txt
reading manifest file '../../build/robot_move/robot_move.egg-info/SOURCES.txt'
adding license file 'LICENSE'
writing manifest file '../../build/robot_move/robot_move.egg-info/SOURCES.txt'
running build
running build_py
creating /home/qasob/tic_tac_toe_playing_robot/build/robot_move/build
creating /home/qasob/tic_tac_toe_playing_robot/build/robot_move/build/lib
creating /home/qasob/tic_tac_toe_playing_robot/build/robot_move/build/lib/robot_move
copying robot_move/module_to_import.py -> /home/qasob/tic_tac_toe_playing_robot/build/robot_move/build/lib/robot_move
copying robot_move/__init__.py -> /home/qasob/tic_tac_toe_playing_robot/build/robot_move/build/lib/robot_move
creating /home/qasob/tic_tac_toe_playing_robot/build/robot_move/build/lib/scripts
copying scripts/robot_target_move.py -> /home/qasob/tic_tac_toe_playing_robot/build/robot_move/build/lib/scripts
copying scripts/__init__.py -> /home/qasob/tic_tac_toe_playing_robot/build/robot_move/build/lib/scripts
running install
running install_lib
creating /home/qasob/tic_tac_toe_playing_robot/install/robot_move/lib/python3.10/site-packages/robot_move
copying /home/qasob/tic_tac_toe_playing_robot/build/robot_move/build/lib/robot_move/module_to_import.py -> /home/qasob/tic_tac_toe_playing_robot/install/robot_move/lib/python3.10/site-packages/robot_move
copying /home/qasob/tic_tac_toe_playing_robot/build/robot_move/build/lib/robot_move/__init__.py -> /home/qasob/tic_tac_toe_playing_robot/install/robot_move/lib/python3.10/site-packages/robot_move
creating /home/qasob/tic_tac_toe_playing_robot/install/robot_move/lib/python3.10/site-packages/scripts
copying /home/qasob/tic_tac_toe_playing_robot/build/robot_move/build/lib/scripts/robot_target_move.py -> /home/qasob/tic_tac_toe_playing_robot/install/robot_move/lib/python3.10/site-packages/scripts
copying /home/qasob/tic_tac_toe_playing_robot/build/robot_move/build/lib/scripts/__init__.py -> /home/qasob/tic_tac_toe_playing_robot/install/robot_move/lib/python3.10/site-packages/scripts
byte-compiling /home/qasob/tic_tac_toe_playing_robot/install/robot_move/lib/python3.10/site-packages/robot_move/module_to_import.py to module_to_import.cpython-310.pyc
byte-compiling /home/qasob/tic_tac_toe_playing_robot/install/robot_move/lib/python3.10/site-packages/robot_move/__init__.py to __init__.cpython-310.pyc
byte-compiling /home/qasob/tic_tac_toe_playing_robot/install/robot_move/lib/python3.10/site-packages/scripts/robot_target_move.py to robot_target_move.cpython-310.pyc
byte-compiling /home/qasob/tic_tac_toe_playing_robot/install/robot_move/lib/python3.10/site-packages/scripts/__init__.py to __init__.cpython-310.pyc
running install_data
copying resource/robot_move -> /home/qasob/tic_tac_toe_playing_robot/install/robot_move/share/ament_index/resource_index/packages
copying package.xml -> /home/qasob/tic_tac_toe_playing_robot/install/robot_move/share/robot_move
running install_egg_info
Copying ../../build/robot_move/robot_move.egg-info to /home/qasob/tic_tac_toe_playing_robot/install/robot_move/lib/python3.10/site-packages/robot_move-0.0.0-py3.10.egg-info
running install_scripts
Installing robot_move_subscriber script to /home/qasob/tic_tac_toe_playing_robot/install/robot_move/lib/robot_move
writing list of installed files to '/home/qasob/tic_tac_toe_playing_robot/build/robot_move/install.log'
