[0.488s] Invoking command in '/home/qasob/tic_tac_toe_playing_robot/build/robot_move': PYTHONPATH=/home/qasob/tic_tac_toe_playing_robot/build/robot_move/prefix_override:/usr/lib/python3/dist-packages/colcon_core/task/python/colcon_distutils_commands:/home/qasob/tic_tac_toe_playing_robot/install/robot_move/lib/python3.10/site-packages:${PYTHONPATH} /usr/bin/python3 -W ignore:setup.py install is deprecated setup.py develop --uninstall --editable --build-directory /home/qasob/tic_tac_toe_playing_robot/build/robot_move/build
[0.691s] running develop
[0.831s] Removing /home/qasob/tic_tac_toe_playing_robot/install/robot_move/lib/python3.10/site-packages/robot-move.egg-link (link to .)
[0.852s] Invoked command in '/home/qasob/tic_tac_toe_playing_robot/build/robot_move' returned '0': PYTHONPATH=/home/qasob/tic_tac_toe_playing_robot/build/robot_move/prefix_override:/usr/lib/python3/dist-packages/colcon_core/task/python/colcon_distutils_commands:/home/qasob/tic_tac_toe_playing_robot/install/robot_move/lib/python3.10/site-packages:${PYTHONPATH} /usr/bin/python3 -W ignore:setup.py install is deprecated setup.py develop --uninstall --editable --build-directory /home/qasob/tic_tac_toe_playing_robot/build/robot_move/build
[0.853s] Invoking command in '/home/qasob/tic_tac_toe_playing_robot/src/robot_move': PYTHONPATH=/home/qasob/tic_tac_toe_playing_robot/build/robot_move/prefix_override:/usr/lib/python3/dist-packages/colcon_core/task/python/colcon_distutils_commands:/home/qasob/tic_tac_toe_playing_robot/install/robot_move/lib/python3.10/site-packages:${PYTHONPATH} /usr/bin/python3 -W ignore:setup.py install is deprecated setup.py egg_info --egg-base ../../build/robot_move build --build-base /home/qasob/tic_tac_toe_playing_robot/build/robot_move/build install --record /home/qasob/tic_tac_toe_playing_robot/build/robot_move/install.log --single-version-externally-managed install_data --force
[1.048s] running egg_info
[1.048s] writing ../../build/robot_move/robot_move.egg-info/PKG-INFO
[1.048s] writing dependency_links to ../../build/robot_move/robot_move.egg-info/dependency_links.txt
[1.048s] writing entry points to ../../build/robot_move/robot_move.egg-info/entry_points.txt
[1.049s] writing requirements to ../../build/robot_move/robot_move.egg-info/requires.txt
[1.049s] writing top-level names to ../../build/robot_move/robot_move.egg-info/top_level.txt
[1.050s] reading manifest file '../../build/robot_move/robot_move.egg-info/SOURCES.txt'
[1.050s] adding license file 'LICENSE'
[1.050s] writing manifest file '../../build/robot_move/robot_move.egg-info/SOURCES.txt'
[1.050s] running build
[1.050s] running build_py
[1.050s] creating /home/qasob/tic_tac_toe_playing_robot/build/robot_move/build
[1.051s] creating /home/qasob/tic_tac_toe_playing_robot/build/robot_move/build/lib
[1.051s] creating /home/qasob/tic_tac_toe_playing_robot/build/robot_move/build/lib/robot_move
[1.051s] copying robot_move/module_to_import.py -> /home/qasob/tic_tac_toe_playing_robot/build/robot_move/build/lib/robot_move
[1.051s] copying robot_move/__init__.py -> /home/qasob/tic_tac_toe_playing_robot/build/robot_move/build/lib/robot_move
[1.051s] creating /home/qasob/tic_tac_toe_playing_robot/build/robot_move/build/lib/scripts
[1.051s] copying scripts/robot_target_move.py -> /home/qasob/tic_tac_toe_playing_robot/build/robot_move/build/lib/scripts
[1.051s] copying scripts/__init__.py -> /home/qasob/tic_tac_toe_playing_robot/build/robot_move/build/lib/scripts
[1.051s] running install
[1.051s] running install_lib
[1.051s] creating /home/qasob/tic_tac_toe_playing_robot/install/robot_move/lib/python3.10/site-packages/robot_move
[1.051s] copying /home/qasob/tic_tac_toe_playing_robot/build/robot_move/build/lib/robot_move/module_to_import.py -> /home/qasob/tic_tac_toe_playing_robot/install/robot_move/lib/python3.10/site-packages/robot_move
[1.051s] copying /home/qasob/tic_tac_toe_playing_robot/build/robot_move/build/lib/robot_move/__init__.py -> /home/qasob/tic_tac_toe_playing_robot/install/robot_move/lib/python3.10/site-packages/robot_move
[1.051s] creating /home/qasob/tic_tac_toe_playing_robot/install/robot_move/lib/python3.10/site-packages/scripts
[1.052s] copying /home/qasob/tic_tac_toe_playing_robot/build/robot_move/build/lib/scripts/robot_target_move.py -> /home/qasob/tic_tac_toe_playing_robot/install/robot_move/lib/python3.10/site-packages/scripts
[1.052s] copying /home/qasob/tic_tac_toe_playing_robot/build/robot_move/build/lib/scripts/__init__.py -> /home/qasob/tic_tac_toe_playing_robot/install/robot_move/lib/python3.10/site-packages/scripts
[1.052s] byte-compiling /home/qasob/tic_tac_toe_playing_robot/install/robot_move/lib/python3.10/site-packages/robot_move/module_to_import.py to module_to_import.cpython-310.pyc
[1.052s] byte-compiling /home/qasob/tic_tac_toe_playing_robot/install/robot_move/lib/python3.10/site-packages/robot_move/__init__.py to __init__.cpython-310.pyc
[1.052s] byte-compiling /home/qasob/tic_tac_toe_playing_robot/install/robot_move/lib/python3.10/site-packages/scripts/robot_target_move.py to robot_target_move.cpython-310.pyc
[1.052s] byte-compiling /home/qasob/tic_tac_toe_playing_robot/install/robot_move/lib/python3.10/site-packages/scripts/__init__.py to __init__.cpython-310.pyc
[1.052s] running install_data
[1.052s] copying resource/robot_move -> /home/qasob/tic_tac_toe_playing_robot/install/robot_move/share/ament_index/resource_index/packages
[1.053s] copying package.xml -> /home/qasob/tic_tac_toe_playing_robot/install/robot_move/share/robot_move
[1.053s] running install_egg_info
[1.054s] Copying ../../build/robot_move/robot_move.egg-info to /home/qasob/tic_tac_toe_playing_robot/install/robot_move/lib/python3.10/site-packages/robot_move-0.0.0-py3.10.egg-info
[1.054s] running install_scripts
[1.068s] Installing robot_move_subscriber script to /home/qasob/tic_tac_toe_playing_robot/install/robot_move/lib/robot_move
[1.068s] writing list of installed files to '/home/qasob/tic_tac_toe_playing_robot/build/robot_move/install.log'
[1.084s] Invoked command in '/home/qasob/tic_tac_toe_playing_robot/src/robot_move' returned '0': PYTHONPATH=/home/qasob/tic_tac_toe_playing_robot/build/robot_move/prefix_override:/usr/lib/python3/dist-packages/colcon_core/task/python/colcon_distutils_commands:/home/qasob/tic_tac_toe_playing_robot/install/robot_move/lib/python3.10/site-packages:${PYTHONPATH} /usr/bin/python3 -W ignore:setup.py install is deprecated setup.py egg_info --egg-base ../../build/robot_move build --build-base /home/qasob/tic_tac_toe_playing_robot/build/robot_move/build install --record /home/qasob/tic_tac_toe_playing_robot/build/robot_move/install.log --single-version-externally-managed install_data --force
