[0.488s] Invoking command in '/home/qasob/tic_tac_toe_playing_robot/src/robot_move': PYTHONPATH=/home/qasob/tic_tac_toe_playing_robot/build/robot_move/prefix_override:/usr/lib/python3/dist-packages/colcon_core/task/python/colcon_distutils_commands:/home/qasob/tic_tac_toe_playing_robot/install/robot_move/lib/python3.10/site-packages:${PYTHONPATH} /usr/bin/python3 -W ignore:setup.py install is deprecated setup.py egg_info --egg-base ../../build/robot_move build --build-base /home/qasob/tic_tac_toe_playing_robot/build/robot_move/build install --record /home/qasob/tic_tac_toe_playing_robot/build/robot_move/install.log --single-version-externally-managed install_data
[0.678s] running egg_info
[0.678s] writing ../../build/robot_move/robot_move.egg-info/PKG-INFO
[0.678s] writing dependency_links to ../../build/robot_move/robot_move.egg-info/dependency_links.txt
[0.678s] writing entry points to ../../build/robot_move/robot_move.egg-info/entry_points.txt
[0.679s] writing requirements to ../../build/robot_move/robot_move.egg-info/requires.txt
[0.679s] writing top-level names to ../../build/robot_move/robot_move.egg-info/top_level.txt
[0.680s] reading manifest file '../../build/robot_move/robot_move.egg-info/SOURCES.txt'
[0.680s] adding license file 'LICENSE'
[0.680s] writing manifest file '../../build/robot_move/robot_move.egg-info/SOURCES.txt'
[0.680s] running build
[0.680s] running build_py
[0.680s] running install
[0.680s] running install_lib
[0.681s] running install_data
[0.681s] running install_egg_info
[0.683s] removing '/home/qasob/tic_tac_toe_playing_robot/install/robot_move/lib/python3.10/site-packages/robot_move-0.0.0-py3.10.egg-info' (and everything under it)
[0.684s] Copying ../../build/robot_move/robot_move.egg-info to /home/qasob/tic_tac_toe_playing_robot/install/robot_move/lib/python3.10/site-packages/robot_move-0.0.0-py3.10.egg-info
[0.684s] running install_scripts
[0.697s] Installing robot_move_subscriber script to /home/qasob/tic_tac_toe_playing_robot/install/robot_move/lib/robot_move
[0.697s] writing list of installed files to '/home/qasob/tic_tac_toe_playing_robot/build/robot_move/install.log'
[0.712s] Invoked command in '/home/qasob/tic_tac_toe_playing_robot/src/robot_move' returned '0': PYTHONPATH=/home/qasob/tic_tac_toe_playing_robot/build/robot_move/prefix_override:/usr/lib/python3/dist-packages/colcon_core/task/python/colcon_distutils_commands:/home/qasob/tic_tac_toe_playing_robot/install/robot_move/lib/python3.10/site-packages:${PYTHONPATH} /usr/bin/python3 -W ignore:setup.py install is deprecated setup.py egg_info --egg-base ../../build/robot_move build --build-base /home/qasob/tic_tac_toe_playing_robot/build/robot_move/build install --record /home/qasob/tic_tac_toe_playing_robot/build/robot_move/install.log --single-version-externally-managed install_data
