[0.697s] Invoking command in '/home/qasob/tic_tac_toe_playing_robot/build/robot_move': PYTHONPATH=/home/qasob/tic_tac_toe_playing_robot/build/robot_move/prefix_override:/usr/lib/python3/dist-packages/colcon_core/task/python/colcon_distutils_commands:/home/qasob/tic_tac_toe_playing_robot/install/robot_move/lib/python3.10/site-packages:${PYTHONPATH} /usr/bin/python3 -W ignore:setup.py install is deprecated setup.py develop --editable --build-directory /home/qasob/tic_tac_toe_playing_robot/build/robot_move/build --no-deps symlink_data
[0.902s] running develop
[1.048s] running egg_info
[1.049s] creating robot_move.egg-info
[1.049s] writing robot_move.egg-info/PKG-INFO
[1.049s] writing dependency_links to robot_move.egg-info/dependency_links.txt
[1.049s] writing entry points to robot_move.egg-info/entry_points.txt
[1.049s] writing requirements to robot_move.egg-info/requires.txt
[1.049s] writing top-level names to robot_move.egg-info/top_level.txt
[1.049s] writing manifest file 'robot_move.egg-info/SOURCES.txt'
[1.050s] reading manifest file 'robot_move.egg-info/SOURCES.txt'
[1.050s] writing manifest file 'robot_move.egg-info/SOURCES.txt'
[1.051s] running build_ext
[1.051s] Creating /home/qasob/tic_tac_toe_playing_robot/install/robot_move/lib/python3.10/site-packages/robot-move.egg-link (link to .)
[1.052s] Installing robot_move_subscriber script to /home/qasob/tic_tac_toe_playing_robot/install/robot_move/lib/robot_move
[1.052s] 
[1.052s] Installed /home/qasob/tic_tac_toe_playing_robot/build/robot_move
[1.052s] running symlink_data
[1.052s] creating /home/qasob/tic_tac_toe_playing_robot/install/robot_move/share/ament_index
[1.052s] creating /home/qasob/tic_tac_toe_playing_robot/install/robot_move/share/ament_index/resource_index
[1.052s] creating /home/qasob/tic_tac_toe_playing_robot/install/robot_move/share/ament_index/resource_index/packages
[1.052s] symbolically linking /home/qasob/tic_tac_toe_playing_robot/build/robot_move/resource/robot_move -> /home/qasob/tic_tac_toe_playing_robot/install/robot_move/share/ament_index/resource_index/packages
[1.052s] symbolically linking /home/qasob/tic_tac_toe_playing_robot/build/robot_move/package.xml -> /home/qasob/tic_tac_toe_playing_robot/install/robot_move/share/robot_move
[1.084s] Invoked command in '/home/qasob/tic_tac_toe_playing_robot/build/robot_move' returned '0': PYTHONPATH=/home/qasob/tic_tac_toe_playing_robot/build/robot_move/prefix_override:/usr/lib/python3/dist-packages/colcon_core/task/python/colcon_distutils_commands:/home/qasob/tic_tac_toe_playing_robot/install/robot_move/lib/python3.10/site-packages:${PYTHONPATH} /usr/bin/python3 -W ignore:setup.py install is deprecated setup.py develop --editable --build-directory /home/qasob/tic_tac_toe_playing_robot/build/robot_move/build --no-deps symlink_data
