[0.071s] DEBUG:colcon:Command line arguments: ['/usr/bin/colcon', 'build', '--symlink-install']
[0.071s] DEBUG:colcon:Parsed command line arguments: Namespace(log_base=None, log_level=None, verb_name='build', build_base='build', install_base='install', merge_install=False, symlink_install=True, test_result_base=None, continue_on_error=False, executor='parallel', parallel_workers=12, event_handlers=None, ignore_user_meta=False, metas=['./colcon.meta'], base_paths=['.'], packages_ignore=None, packages_ignore_regex=None, paths=None, packages_up_to=None, packages_up_to_regex=None, packages_above=None, packages_above_and_dependencies=None, packages_above_depth=None, packages_select_by_dep=None, packages_skip_by_dep=None, packages_skip_up_to=None, packages_select_build_failed=False, packages_skip_build_finished=False, packages_select_test_failures=False, packages_skip_test_passed=False, packages_select=None, packages_skip=None, packages_select_regex=None, packages_skip_regex=None, packages_start=None, packages_end=None, allow_overriding=[], cmake_args=None, cmake_target=None, cmake_target_skip_unavailable=False, cmake_clean_cache=False, cmake_clean_first=False, cmake_force_configure=False, ament_cmake_args=None, catkin_cmake_args=None, catkin_skip_building_tests=False, mixin_files=None, mixin=None, verb_parser=<colcon_mixin.mixin.mixin_argument.MixinArgumentDecorator object at 0x76cbb9f91c90>, verb_extension=<colcon_core.verb.build.BuildVerb object at 0x76cbba0ff2e0>, main=<bound method BuildVerb.main of <colcon_core.verb.build.BuildVerb object at 0x76cbba0ff2e0>>, mixin_verb=('build',))
[0.208s] Level 1:colcon.colcon_core.package_discovery:discover_packages(colcon_meta) check parameters
[0.208s] Level 1:colcon.colcon_core.package_discovery:discover_packages(recursive) check parameters
[0.208s] Level 1:colcon.colcon_core.package_discovery:discover_packages(ignore) check parameters
[0.208s] Level 1:colcon.colcon_core.package_discovery:discover_packages(path) check parameters
[0.208s] Level 1:colcon.colcon_core.package_discovery:discover_packages(colcon_meta) discover
[0.208s] Level 1:colcon.colcon_core.package_discovery:discover_packages(recursive) discover
[0.208s] INFO:colcon.colcon_core.package_discovery:Crawling recursively for packages in '/home/qasob/tic_tac_toe_playing_robot'
[0.208s] Level 1:colcon.colcon_core.package_identification:_identify(.) by extensions ['ignore', 'ignore_ament_install']
[0.208s] Level 1:colcon.colcon_core.package_identification:_identify(.) by extension 'ignore'
[0.208s] Level 1:colcon.colcon_core.package_identification:_identify(.) by extension 'ignore_ament_install'
[0.209s] Level 1:colcon.colcon_core.package_identification:_identify(.) by extensions ['colcon_pkg']
[0.209s] Level 1:colcon.colcon_core.package_identification:_identify(.) by extension 'colcon_pkg'
[0.209s] Level 1:colcon.colcon_core.package_identification:_identify(.) by extensions ['colcon_meta']
[0.209s] Level 1:colcon.colcon_core.package_identification:_identify(.) by extension 'colcon_meta'
[0.209s] Level 1:colcon.colcon_core.package_identification:_identify(.) by extensions ['ros']
[0.209s] Level 1:colcon.colcon_core.package_identification:_identify(.) by extension 'ros'
[0.216s] Level 1:colcon.colcon_core.package_identification:_identify(.) by extensions ['cmake', 'python']
[0.216s] Level 1:colcon.colcon_core.package_identification:_identify(.) by extension 'cmake'
[0.216s] Level 1:colcon.colcon_core.package_identification:_identify(.) by extension 'python'
[0.216s] Level 1:colcon.colcon_core.package_identification:_identify(.) by extensions ['python_setup_py']
[0.216s] Level 1:colcon.colcon_core.package_identification:_identify(.) by extension 'python_setup_py'
[0.216s] Level 1:colcon.colcon_core.package_identification:_identify(build) by extensions ['ignore', 'ignore_ament_install']
[0.216s] Level 1:colcon.colcon_core.package_identification:_identify(build) by extension 'ignore'
[0.216s] Level 1:colcon.colcon_core.package_identification:_identify(build) ignored
[0.216s] Level 1:colcon.colcon_core.package_identification:_identify(install) by extensions ['ignore', 'ignore_ament_install']
[0.216s] Level 1:colcon.colcon_core.package_identification:_identify(install) by extension 'ignore'
[0.216s] Level 1:colcon.colcon_core.package_identification:_identify(install) ignored
[0.216s] Level 1:colcon.colcon_core.package_identification:_identify(log) by extensions ['ignore', 'ignore_ament_install']
[0.216s] Level 1:colcon.colcon_core.package_identification:_identify(log) by extension 'ignore'
[0.216s] Level 1:colcon.colcon_core.package_identification:_identify(log) ignored
[0.216s] Level 1:colcon.colcon_core.package_identification:_identify(src) by extensions ['ignore', 'ignore_ament_install']
[0.217s] Level 1:colcon.colcon_core.package_identification:_identify(src) by extension 'ignore'
[0.217s] Level 1:colcon.colcon_core.package_identification:_identify(src) by extension 'ignore_ament_install'
[0.217s] Level 1:colcon.colcon_core.package_identification:_identify(src) by extensions ['colcon_pkg']
[0.217s] Level 1:colcon.colcon_core.package_identification:_identify(src) by extension 'colcon_pkg'
[0.217s] Level 1:colcon.colcon_core.package_identification:_identify(src) by extensions ['colcon_meta']
[0.217s] Level 1:colcon.colcon_core.package_identification:_identify(src) by extension 'colcon_meta'
[0.217s] Level 1:colcon.colcon_core.package_identification:_identify(src) by extensions ['ros']
[0.217s] Level 1:colcon.colcon_core.package_identification:_identify(src) by extension 'ros'
[0.217s] Level 1:colcon.colcon_core.package_identification:_identify(src) by extensions ['cmake', 'python']
[0.217s] Level 1:colcon.colcon_core.package_identification:_identify(src) by extension 'cmake'
[0.217s] Level 1:colcon.colcon_core.package_identification:_identify(src) by extension 'python'
[0.217s] Level 1:colcon.colcon_core.package_identification:_identify(src) by extensions ['python_setup_py']
[0.217s] Level 1:colcon.colcon_core.package_identification:_identify(src) by extension 'python_setup_py'
[0.217s] Level 1:colcon.colcon_core.package_identification:_identify(src/robot_move) by extensions ['ignore', 'ignore_ament_install']
[0.217s] Level 1:colcon.colcon_core.package_identification:_identify(src/robot_move) by extension 'ignore'
[0.217s] Level 1:colcon.colcon_core.package_identification:_identify(src/robot_move) by extension 'ignore_ament_install'
[0.217s] Level 1:colcon.colcon_core.package_identification:_identify(src/robot_move) by extensions ['colcon_pkg']
[0.217s] Level 1:colcon.colcon_core.package_identification:_identify(src/robot_move) by extension 'colcon_pkg'
[0.217s] Level 1:colcon.colcon_core.package_identification:_identify(src/robot_move) by extensions ['colcon_meta']
[0.217s] Level 1:colcon.colcon_core.package_identification:_identify(src/robot_move) by extension 'colcon_meta'
[0.217s] Level 1:colcon.colcon_core.package_identification:_identify(src/robot_move) by extensions ['ros']
[0.217s] Level 1:colcon.colcon_core.package_identification:_identify(src/robot_move) by extension 'ros'
[0.218s] DEBUG:colcon.colcon_core.package_identification:Package 'src/robot_move' with type 'ros.ament_python' and name 'robot_move'
[0.219s] Level 1:colcon.colcon_core.package_identification:_identify(src/tic_tac_toe_detection) by extensions ['ignore', 'ignore_ament_install']
[0.219s] Level 1:colcon.colcon_core.package_identification:_identify(src/tic_tac_toe_detection) by extension 'ignore'
[0.219s] Level 1:colcon.colcon_core.package_identification:_identify(src/tic_tac_toe_detection) by extension 'ignore_ament_install'
[0.219s] Level 1:colcon.colcon_core.package_identification:_identify(src/tic_tac_toe_detection) by extensions ['colcon_pkg']
[0.219s] Level 1:colcon.colcon_core.package_identification:_identify(src/tic_tac_toe_detection) by extension 'colcon_pkg'
[0.219s] Level 1:colcon.colcon_core.package_identification:_identify(src/tic_tac_toe_detection) by extensions ['colcon_meta']
[0.219s] Level 1:colcon.colcon_core.package_identification:_identify(src/tic_tac_toe_detection) by extension 'colcon_meta'
[0.219s] Level 1:colcon.colcon_core.package_identification:_identify(src/tic_tac_toe_detection) by extensions ['ros']
[0.219s] Level 1:colcon.colcon_core.package_identification:_identify(src/tic_tac_toe_detection) by extension 'ros'
[0.219s] DEBUG:colcon.colcon_core.package_identification:Package 'src/tic_tac_toe_detection' with type 'ros.ament_python' and name 'tic_tac_toe_detection'
[0.219s] Level 1:colcon.colcon_core.package_discovery:discover_packages(recursive) using defaults
[0.219s] Level 1:colcon.colcon_core.package_discovery:discover_packages(ignore) discover
[0.219s] Level 1:colcon.colcon_core.package_discovery:discover_packages(ignore) using defaults
[0.219s] Level 1:colcon.colcon_core.package_discovery:discover_packages(path) discover
[0.219s] Level 1:colcon.colcon_core.package_discovery:discover_packages(path) using defaults
[0.232s] Level 1:colcon.colcon_core.package_discovery:discover_packages(prefix_path) check parameters
[0.232s] Level 1:colcon.colcon_core.package_discovery:discover_packages(prefix_path) discover
[0.234s] DEBUG:colcon.colcon_installed_package_information.package_discovery:Found 1 installed packages in /home/qasob/ldlidar_ros2_ws/install
[0.234s] DEBUG:colcon.colcon_installed_package_information.package_discovery:Found 4 installed packages in /home/qasob/ros2_ws/install
[0.235s] DEBUG:colcon.colcon_installed_package_information.package_discovery:Found 31 installed packages in /home/qasob/ugv_ws/install
[0.235s] DEBUG:colcon.colcon_installed_package_information.package_discovery:Found 16 installed packages in /home/qasob/turtlebot3_ws/install
[0.236s] DEBUG:colcon.colcon_installed_package_information.package_discovery:Found 13 installed packages in /home/qasob/roarm_ws_em0/install
[0.237s] DEBUG:colcon.colcon_installed_package_information.package_discovery:Found 531 installed packages in /opt/ros/humble
[0.239s] Level 1:colcon.colcon_core.package_discovery:discover_packages(prefix_path) using defaults
[0.271s] Level 5:colcon.colcon_core.verb:set package 'robot_move' build argument 'cmake_args' from command line to 'None'
[0.271s] Level 5:colcon.colcon_core.verb:set package 'robot_move' build argument 'cmake_target' from command line to 'None'
[0.271s] Level 5:colcon.colcon_core.verb:set package 'robot_move' build argument 'cmake_target_skip_unavailable' from command line to 'False'
[0.271s] Level 5:colcon.colcon_core.verb:set package 'robot_move' build argument 'cmake_clean_cache' from command line to 'False'
[0.271s] Level 5:colcon.colcon_core.verb:set package 'robot_move' build argument 'cmake_clean_first' from command line to 'False'
[0.271s] Level 5:colcon.colcon_core.verb:set package 'robot_move' build argument 'cmake_force_configure' from command line to 'False'
[0.271s] Level 5:colcon.colcon_core.verb:set package 'robot_move' build argument 'ament_cmake_args' from command line to 'None'
[0.271s] Level 5:colcon.colcon_core.verb:set package 'robot_move' build argument 'catkin_cmake_args' from command line to 'None'
[0.271s] Level 5:colcon.colcon_core.verb:set package 'robot_move' build argument 'catkin_skip_building_tests' from command line to 'False'
[0.271s] DEBUG:colcon.colcon_core.verb:Building package 'robot_move' with the following arguments: {'ament_cmake_args': None, 'build_base': '/home/qasob/tic_tac_toe_playing_robot/build/robot_move', 'catkin_cmake_args': None, 'catkin_skip_building_tests': False, 'cmake_args': None, 'cmake_clean_cache': False, 'cmake_clean_first': False, 'cmake_force_configure': False, 'cmake_target': None, 'cmake_target_skip_unavailable': False, 'install_base': '/home/qasob/tic_tac_toe_playing_robot/install/robot_move', 'merge_install': False, 'path': '/home/qasob/tic_tac_toe_playing_robot/src/robot_move', 'symlink_install': True, 'test_result_base': None}
[0.271s] Level 5:colcon.colcon_core.verb:set package 'tic_tac_toe_detection' build argument 'cmake_args' from command line to 'None'
[0.271s] Level 5:colcon.colcon_core.verb:set package 'tic_tac_toe_detection' build argument 'cmake_target' from command line to 'None'
[0.271s] Level 5:colcon.colcon_core.verb:set package 'tic_tac_toe_detection' build argument 'cmake_target_skip_unavailable' from command line to 'False'
[0.271s] Level 5:colcon.colcon_core.verb:set package 'tic_tac_toe_detection' build argument 'cmake_clean_cache' from command line to 'False'
[0.271s] Level 5:colcon.colcon_core.verb:set package 'tic_tac_toe_detection' build argument 'cmake_clean_first' from command line to 'False'
[0.271s] Level 5:colcon.colcon_core.verb:set package 'tic_tac_toe_detection' build argument 'cmake_force_configure' from command line to 'False'
[0.271s] Level 5:colcon.colcon_core.verb:set package 'tic_tac_toe_detection' build argument 'ament_cmake_args' from command line to 'None'
[0.271s] Level 5:colcon.colcon_core.verb:set package 'tic_tac_toe_detection' build argument 'catkin_cmake_args' from command line to 'None'
[0.271s] Level 5:colcon.colcon_core.verb:set package 'tic_tac_toe_detection' build argument 'catkin_skip_building_tests' from command line to 'False'
[0.271s] DEBUG:colcon.colcon_core.verb:Building package 'tic_tac_toe_detection' with the following arguments: {'ament_cmake_args': None, 'build_base': '/home/qasob/tic_tac_toe_playing_robot/build/tic_tac_toe_detection', 'catkin_cmake_args': None, 'catkin_skip_building_tests': False, 'cmake_args': None, 'cmake_clean_cache': False, 'cmake_clean_first': False, 'cmake_force_configure': False, 'cmake_target': None, 'cmake_target_skip_unavailable': False, 'install_base': '/home/qasob/tic_tac_toe_playing_robot/install/tic_tac_toe_detection', 'merge_install': False, 'path': '/home/qasob/tic_tac_toe_playing_robot/src/tic_tac_toe_detection', 'symlink_install': True, 'test_result_base': None}
[0.271s] INFO:colcon.colcon_core.executor:Executing jobs using 'parallel' executor
[0.272s] DEBUG:colcon.colcon_parallel_executor.executor.parallel:run_until_complete
[0.272s] INFO:colcon.colcon_ros.task.ament_python.build:Building ROS package in '/home/qasob/tic_tac_toe_playing_robot/src/robot_move' with build type 'ament_python'
[0.272s] Level 1:colcon.colcon_core.shell:create_environment_hook('robot_move', 'ament_prefix_path')
[0.274s] INFO:colcon.colcon_core.plugin_system:Skipping extension 'colcon_core.shell.bat': Not used on non-Windows systems
[0.274s] INFO:colcon.colcon_core.shell:Creating environment hook '/home/qasob/tic_tac_toe_playing_robot/install/robot_move/share/robot_move/hook/ament_prefix_path.ps1'
[0.274s] INFO:colcon.colcon_core.shell:Creating environment descriptor '/home/qasob/tic_tac_toe_playing_robot/install/robot_move/share/robot_move/hook/ament_prefix_path.dsv'
[0.274s] INFO:colcon.colcon_core.shell:Creating environment hook '/home/qasob/tic_tac_toe_playing_robot/install/robot_move/share/robot_move/hook/ament_prefix_path.sh'
[0.275s] INFO:colcon.colcon_core.shell:Skip shell extension 'powershell' for command environment: Not usable outside of PowerShell
[0.275s] DEBUG:colcon.colcon_core.shell:Skip shell extension 'dsv' for command environment
[0.279s] INFO:colcon.colcon_ros.task.ament_python.build:Building ROS package in '/home/qasob/tic_tac_toe_playing_robot/src/tic_tac_toe_detection' with build type 'ament_python'
[0.279s] Level 1:colcon.colcon_core.shell:create_environment_hook('tic_tac_toe_detection', 'ament_prefix_path')
[0.279s] INFO:colcon.colcon_core.shell:Creating environment hook '/home/qasob/tic_tac_toe_playing_robot/install/tic_tac_toe_detection/share/tic_tac_toe_detection/hook/ament_prefix_path.ps1'
[0.279s] INFO:colcon.colcon_core.shell:Creating environment descriptor '/home/qasob/tic_tac_toe_playing_robot/install/tic_tac_toe_detection/share/tic_tac_toe_detection/hook/ament_prefix_path.dsv'
[0.280s] INFO:colcon.colcon_core.shell:Creating environment hook '/home/qasob/tic_tac_toe_playing_robot/install/tic_tac_toe_detection/share/tic_tac_toe_detection/hook/ament_prefix_path.sh'
[0.280s] INFO:colcon.colcon_core.shell:Skip shell extension 'powershell' for command environment: Not usable outside of PowerShell
[0.280s] DEBUG:colcon.colcon_core.shell:Skip shell extension 'dsv' for command environment
[0.491s] INFO:colcon.colcon_core.task.python.build:Building Python package in '/home/qasob/tic_tac_toe_playing_robot/src/robot_move'
[0.491s] INFO:colcon.colcon_core.shell:Skip shell extension 'powershell' for command environment: Not usable outside of PowerShell
[0.491s] DEBUG:colcon.colcon_core.shell:Skip shell extension 'dsv' for command environment
[0.699s] INFO:colcon.colcon_core.task.python.build:Building Python package in '/home/qasob/tic_tac_toe_playing_robot/src/tic_tac_toe_detection'
[0.700s] INFO:colcon.colcon_core.shell:Skip shell extension 'powershell' for command environment: Not usable outside of PowerShell
[0.700s] DEBUG:colcon.colcon_core.shell:Skip shell extension 'dsv' for command environment
[0.979s] DEBUG:colcon.colcon_core.event_handler.log_command:Invoking command in '/home/qasob/tic_tac_toe_playing_robot/build/tic_tac_toe_detection': PYTHONPATH=/home/qasob/tic_tac_toe_playing_robot/build/tic_tac_toe_detection/prefix_override:/usr/lib/python3/dist-packages/colcon_core/task/python/colcon_distutils_commands:/home/qasob/tic_tac_toe_playing_robot/install/tic_tac_toe_detection/lib/python3.10/site-packages:${PYTHONPATH} /usr/bin/python3 -W ignore:setup.py install is deprecated setup.py develop --editable --build-directory /home/qasob/tic_tac_toe_playing_robot/build/tic_tac_toe_detection/build --no-deps symlink_data
[0.982s] DEBUG:colcon.colcon_core.event_handler.log_command:Invoking command in '/home/qasob/tic_tac_toe_playing_robot/build/robot_move': PYTHONPATH=/home/qasob/tic_tac_toe_playing_robot/build/robot_move/prefix_override:/usr/lib/python3/dist-packages/colcon_core/task/python/colcon_distutils_commands:/home/qasob/tic_tac_toe_playing_robot/install/robot_move/lib/python3.10/site-packages:${PYTHONPATH} /usr/bin/python3 -W ignore:setup.py install is deprecated setup.py develop --editable --build-directory /home/qasob/tic_tac_toe_playing_robot/build/robot_move/build --no-deps symlink_data
[1.351s] Level 1:colcon.colcon_core.shell:create_environment_hook('tic_tac_toe_detection', 'pythonpath_develop')
[1.351s] INFO:colcon.colcon_core.shell:Creating environment hook '/home/qasob/tic_tac_toe_playing_robot/build/tic_tac_toe_detection/share/tic_tac_toe_detection/hook/pythonpath_develop.ps1'
[1.352s] DEBUG:colcon.colcon_core.event_handler.log_command:Invoked command in '/home/qasob/tic_tac_toe_playing_robot/build/tic_tac_toe_detection' returned '0': PYTHONPATH=/home/qasob/tic_tac_toe_playing_robot/build/tic_tac_toe_detection/prefix_override:/usr/lib/python3/dist-packages/colcon_core/task/python/colcon_distutils_commands:/home/qasob/tic_tac_toe_playing_robot/install/tic_tac_toe_detection/lib/python3.10/site-packages:${PYTHONPATH} /usr/bin/python3 -W ignore:setup.py install is deprecated setup.py develop --editable --build-directory /home/qasob/tic_tac_toe_playing_robot/build/tic_tac_toe_detection/build --no-deps symlink_data
[1.352s] INFO:colcon.colcon_core.shell:Creating environment descriptor '/home/qasob/tic_tac_toe_playing_robot/build/tic_tac_toe_detection/share/tic_tac_toe_detection/hook/pythonpath_develop.dsv'
[1.353s] INFO:colcon.colcon_core.shell:Creating environment hook '/home/qasob/tic_tac_toe_playing_robot/build/tic_tac_toe_detection/share/tic_tac_toe_detection/hook/pythonpath_develop.sh'
[1.356s] Level 1:colcon.colcon_core.environment:checking '/home/qasob/tic_tac_toe_playing_robot/install/tic_tac_toe_detection' for CMake module files
[1.356s] Level 1:colcon.colcon_core.environment:checking '/home/qasob/tic_tac_toe_playing_robot/install/tic_tac_toe_detection' for CMake config files
[1.356s] Level 1:colcon.colcon_core.environment:checking '/home/qasob/tic_tac_toe_playing_robot/install/tic_tac_toe_detection/lib'
[1.357s] Level 1:colcon.colcon_core.environment:checking '/home/qasob/tic_tac_toe_playing_robot/install/tic_tac_toe_detection/bin'
[1.357s] Level 1:colcon.colcon_core.environment:checking '/home/qasob/tic_tac_toe_playing_robot/install/tic_tac_toe_detection/lib/pkgconfig/tic_tac_toe_detection.pc'
[1.357s] Level 1:colcon.colcon_core.environment:checking '/home/qasob/tic_tac_toe_playing_robot/install/tic_tac_toe_detection/lib/python3.10/site-packages'
[1.357s] Level 1:colcon.colcon_core.shell:create_environment_hook('tic_tac_toe_detection', 'pythonpath')
[1.357s] INFO:colcon.colcon_core.shell:Creating environment hook '/home/qasob/tic_tac_toe_playing_robot/install/tic_tac_toe_detection/share/tic_tac_toe_detection/hook/pythonpath.ps1'
[1.357s] INFO:colcon.colcon_core.shell:Creating environment descriptor '/home/qasob/tic_tac_toe_playing_robot/install/tic_tac_toe_detection/share/tic_tac_toe_detection/hook/pythonpath.dsv'
[1.357s] INFO:colcon.colcon_core.shell:Creating environment hook '/home/qasob/tic_tac_toe_playing_robot/install/tic_tac_toe_detection/share/tic_tac_toe_detection/hook/pythonpath.sh'
[1.358s] Level 1:colcon.colcon_core.environment:checking '/home/qasob/tic_tac_toe_playing_robot/install/tic_tac_toe_detection/bin'
[1.358s] Level 1:colcon.colcon_core.environment:create_environment_scripts_only(tic_tac_toe_detection)
[1.358s] INFO:colcon.colcon_core.shell:Creating package script '/home/qasob/tic_tac_toe_playing_robot/install/tic_tac_toe_detection/share/tic_tac_toe_detection/package.ps1'
[1.358s] INFO:colcon.colcon_core.shell:Creating package descriptor '/home/qasob/tic_tac_toe_playing_robot/install/tic_tac_toe_detection/share/tic_tac_toe_detection/package.dsv'
[1.359s] INFO:colcon.colcon_core.shell:Creating package script '/home/qasob/tic_tac_toe_playing_robot/install/tic_tac_toe_detection/share/tic_tac_toe_detection/package.sh'
[1.359s] INFO:colcon.colcon_core.shell:Creating package script '/home/qasob/tic_tac_toe_playing_robot/install/tic_tac_toe_detection/share/tic_tac_toe_detection/package.bash'
[1.359s] INFO:colcon.colcon_core.shell:Creating package script '/home/qasob/tic_tac_toe_playing_robot/install/tic_tac_toe_detection/share/tic_tac_toe_detection/package.zsh'
[1.360s] Level 1:colcon.colcon_core.environment:create_file_with_runtime_dependencies(/home/qasob/tic_tac_toe_playing_robot/install/tic_tac_toe_detection/share/colcon-core/packages/tic_tac_toe_detection)
[1.365s] Level 1:colcon.colcon_core.shell:create_environment_hook('robot_move', 'pythonpath_develop')
[1.365s] INFO:colcon.colcon_core.shell:Creating environment hook '/home/qasob/tic_tac_toe_playing_robot/build/robot_move/share/robot_move/hook/pythonpath_develop.ps1'
[1.366s] DEBUG:colcon.colcon_core.event_handler.log_command:Invoked command in '/home/qasob/tic_tac_toe_playing_robot/build/robot_move' returned '0': PYTHONPATH=/home/qasob/tic_tac_toe_playing_robot/build/robot_move/prefix_override:/usr/lib/python3/dist-packages/colcon_core/task/python/colcon_distutils_commands:/home/qasob/tic_tac_toe_playing_robot/install/robot_move/lib/python3.10/site-packages:${PYTHONPATH} /usr/bin/python3 -W ignore:setup.py install is deprecated setup.py develop --editable --build-directory /home/qasob/tic_tac_toe_playing_robot/build/robot_move/build --no-deps symlink_data
[1.366s] INFO:colcon.colcon_core.shell:Creating environment descriptor '/home/qasob/tic_tac_toe_playing_robot/build/robot_move/share/robot_move/hook/pythonpath_develop.dsv'
[1.366s] INFO:colcon.colcon_core.shell:Creating environment hook '/home/qasob/tic_tac_toe_playing_robot/build/robot_move/share/robot_move/hook/pythonpath_develop.sh'
[1.366s] Level 1:colcon.colcon_core.environment:checking '/home/qasob/tic_tac_toe_playing_robot/install/robot_move' for CMake module files
[1.367s] Level 1:colcon.colcon_core.environment:checking '/home/qasob/tic_tac_toe_playing_robot/install/robot_move' for CMake config files
[1.367s] Level 1:colcon.colcon_core.environment:checking '/home/qasob/tic_tac_toe_playing_robot/install/robot_move/lib'
[1.367s] Level 1:colcon.colcon_core.environment:checking '/home/qasob/tic_tac_toe_playing_robot/install/robot_move/bin'
[1.367s] Level 1:colcon.colcon_core.environment:checking '/home/qasob/tic_tac_toe_playing_robot/install/robot_move/lib/pkgconfig/robot_move.pc'
[1.367s] Level 1:colcon.colcon_core.environment:checking '/home/qasob/tic_tac_toe_playing_robot/install/robot_move/lib/python3.10/site-packages'
[1.367s] Level 1:colcon.colcon_core.shell:create_environment_hook('robot_move', 'pythonpath')
[1.367s] INFO:colcon.colcon_core.shell:Creating environment hook '/home/qasob/tic_tac_toe_playing_robot/install/robot_move/share/robot_move/hook/pythonpath.ps1'
[1.367s] INFO:colcon.colcon_core.shell:Creating environment descriptor '/home/qasob/tic_tac_toe_playing_robot/install/robot_move/share/robot_move/hook/pythonpath.dsv'
[1.368s] INFO:colcon.colcon_core.shell:Creating environment hook '/home/qasob/tic_tac_toe_playing_robot/install/robot_move/share/robot_move/hook/pythonpath.sh'
[1.368s] Level 1:colcon.colcon_core.environment:checking '/home/qasob/tic_tac_toe_playing_robot/install/robot_move/bin'
[1.368s] Level 1:colcon.colcon_core.environment:create_environment_scripts_only(robot_move)
[1.368s] INFO:colcon.colcon_core.shell:Creating package script '/home/qasob/tic_tac_toe_playing_robot/install/robot_move/share/robot_move/package.ps1'
[1.368s] INFO:colcon.colcon_core.shell:Creating package descriptor '/home/qasob/tic_tac_toe_playing_robot/install/robot_move/share/robot_move/package.dsv'
[1.369s] INFO:colcon.colcon_core.shell:Creating package script '/home/qasob/tic_tac_toe_playing_robot/install/robot_move/share/robot_move/package.sh'
[1.369s] INFO:colcon.colcon_core.shell:Creating package script '/home/qasob/tic_tac_toe_playing_robot/install/robot_move/share/robot_move/package.bash'
[1.369s] INFO:colcon.colcon_core.shell:Creating package script '/home/qasob/tic_tac_toe_playing_robot/install/robot_move/share/robot_move/package.zsh'
[1.369s] Level 1:colcon.colcon_core.environment:create_file_with_runtime_dependencies(/home/qasob/tic_tac_toe_playing_robot/install/robot_move/share/colcon-core/packages/robot_move)
[1.369s] DEBUG:colcon.colcon_parallel_executor.executor.parallel:closing loop
[1.369s] DEBUG:colcon.colcon_parallel_executor.executor.parallel:loop closed
[1.369s] DEBUG:colcon.colcon_parallel_executor.executor.parallel:run_until_complete finished with '0'
[1.369s] DEBUG:colcon.colcon_core.event_reactor:joining thread
[1.374s] INFO:colcon.colcon_core.plugin_system:Skipping extension 'colcon_notification.desktop_notification.terminal_notifier': Not used on non-Darwin systems
[1.374s] INFO:colcon.colcon_core.plugin_system:Skipping extension 'colcon_notification.desktop_notification.win32': Not used on non-Windows systems
[1.374s] INFO:colcon.colcon_notification.desktop_notification:Sending desktop notification using 'notify2'
[1.380s] DEBUG:colcon.colcon_core.event_reactor:joined thread
[1.381s] INFO:colcon.colcon_core.shell:Creating prefix script '/home/qasob/tic_tac_toe_playing_robot/install/local_setup.ps1'
[1.381s] INFO:colcon.colcon_core.shell:Creating prefix util module '/home/qasob/tic_tac_toe_playing_robot/install/_local_setup_util_ps1.py'
[1.382s] INFO:colcon.colcon_core.shell:Creating prefix chain script '/home/qasob/tic_tac_toe_playing_robot/install/setup.ps1'
[1.384s] INFO:colcon.colcon_core.shell:Creating prefix script '/home/qasob/tic_tac_toe_playing_robot/install/local_setup.sh'
[1.384s] INFO:colcon.colcon_core.shell:Creating prefix util module '/home/qasob/tic_tac_toe_playing_robot/install/_local_setup_util_sh.py'
[1.384s] INFO:colcon.colcon_core.shell:Creating prefix chain script '/home/qasob/tic_tac_toe_playing_robot/install/setup.sh'
[1.386s] INFO:colcon.colcon_core.shell:Creating prefix script '/home/qasob/tic_tac_toe_playing_robot/install/local_setup.bash'
[1.386s] INFO:colcon.colcon_core.shell:Creating prefix chain script '/home/qasob/tic_tac_toe_playing_robot/install/setup.bash'
[1.387s] INFO:colcon.colcon_core.shell:Creating prefix script '/home/qasob/tic_tac_toe_playing_robot/install/local_setup.zsh'
[1.388s] INFO:colcon.colcon_core.shell:Creating prefix chain script '/home/qasob/tic_tac_toe_playing_robot/install/setup.zsh'
